Nothing to build in platform 'Zybo_20'

06:32:31 **** Clean-only build of configuration Debug for project MyAdder ****
make clean 
rm -rf  ./src/helloworld.o ./src/platform.o  ./src/helloworld.d ./src/platform.d  MyAdder.elf.size  MyAdder.elf
' '
06:32:31 **** Incremental Build of configuration Debug for project MyAdder ****
make all 
make --no-print-directory pre-build
a9-linaro-pre-build-step
' '
make --no-print-directory main-build
'Building file: ../src/helloworld.c'
'Invoking: ARM v7 gcc compiler'
arm-none-eabi-gcc -Wall -O0 -g3 -c -fmessage-length=0 -MT"src/helloworld.o" -mcpu=cortex-a9 -mfpu=vfpv3 -mfloat-abi=hard -ID:/Zybo_adder/Zybo_20/export/Zybo_20/sw/Zybo_20/standalone_domain/bspinclude/include -MMD -MP -MF"src/helloworld.d" -MT"src/helloworld.o" -o "src/helloworld.o" "../src/helloworld.c"
'Finished building: ../src/helloworld.c'
' '
'Building file: ../src/platform.c'
'Invoking: ARM v7 gcc compiler'
arm-none-eabi-gcc -Wall -O0 -g3 -c -fmessage-length=0 -MT"src/platform.o" -mcpu=cortex-a9 -mfpu=vfpv3 -mfloat-abi=hard -ID:/Zybo_adder/Zybo_20/export/Zybo_20/sw/Zybo_20/standalone_domain/bspinclude/include -MMD -MP -MF"src/platform.d" -MT"src/platform.o" -o "src/platform.o" "../src/platform.c"
'Finished building: ../src/platform.c'
' '
'Building target: MyAdder.elf'
'Invoking: ARM v7 gcc linker'
arm-none-eabi-gcc -mcpu=cortex-a9 -mfpu=vfpv3 -mfloat-abi=hard -Wl,-build-id=none -specs=Xilinx.spec -Wl,-T -Wl,../src/lscript.ld -LD:/Zybo_adder/Zybo_20/export/Zybo_20/sw/Zybo_20/standalone_domain/bsplib/lib -o "MyAdder.elf"  ./src/helloworld.o ./src/platform.o   -Wl,--start-group,-lxil,-lgcc,-lc,--end-group
'Finished building target: MyAdder.elf'
' '
'Invoking: ARM v7 Print Size'
arm-none-eabi-size MyAdder.elf  |tee "MyAdder.elf.size"
   text	   data	    bss	    dec	    hex	filename
  77714	   2550	  22640	 102904	  191f8	MyAdder.elf
'Finished building: MyAdder.elf.size'
' '
06:32:35 **** Incremental Build of configuration Debug for project MyAdder_system ****
make all 
Generating bif file for the system project
generate_system_bif.bat 55668 D:/Zybo_adder/Zybo_20/export/Zybo_20/Zybo_20.xpfm standalone_domain D:/Zybo_adder/MyAdder_system/Debug/system.bif
sdcard_gen --xpfm D:/Zybo_adder/Zybo_20/export/Zybo_20/Zybo_20.xpfm --sys_config Zybo_20 --bif D:/Zybo_adder/MyAdder_system/Debug/system.bif --bitstream D:/Zybo_adder/MyAdder/_ide/bitstream/design_1_wrapper6.bit --elf D:/Zybo_adder/MyAdder/Debug/MyAdder.elf,ps7_cortexa9_0
creating BOOT.BIN using D:/Zybo_adder/MyAdder/_ide/bitstream/design_1_wrapper6.bit
Running C:/Xilinx/Vitis/2022.1/bin/bootgen  -image D:/Zybo_adder/MyAdder_system/Debug/sd_card_temp/boot.bif -w -o i BOOT.BIN
